[    4862ms] [WARNING] Please ensure that the container has a non-static position, like 'relative', 'fixed', or 'absolute' to ensure scroll offset is calculated correctly. @ webpack-internal:///(app-pages-browser)/./node_modules/framer-motion/dist/es/utils/warn-once.mjs:7
[    6111ms] [WARNING] Image with src "/images/scissors_cutting_ribbons_cool_image.png" has "fill" but is missing "sizes" prop. Please add it to improve page performance. Read more: https://nextjs.org/docs/api-reference/next/image#sizes @ webpack-internal:///(app-pages-browser)/./node_modules/next/dist/shared/lib/utils/warn-once.js:15
[    6114ms] [WARNING] [.WebGL-0xba400116a00]GL Driver Message (OpenGL, Performance, GL_CLOSE_PATH_NV, High): GPU stall due to ReadPixels @ http://localhost:3000/#contact:0
[    7395ms] [WARNING] Image with src "/images/image_of_keys.png" has "fill" but is missing "sizes" prop. Please add it to improve page performance. Read more: https://nextjs.org/docs/api-reference/next/image#sizes @ webpack-internal:///(app-pages-browser)/./node_modules/next/dist/shared/lib/utils/warn-once.js:15
[    7533ms] [WARNING] Image with src "/images/open_box_image.png" has "fill" but is missing "sizes" prop. Please add it to improve page performance. Read more: https://nextjs.org/docs/api-reference/next/image#sizes @ webpack-internal:///(app-pages-browser)/./node_modules/next/dist/shared/lib/utils/warn-once.js:15
[    7571ms] [WARNING] [.WebGL-0xba400116a00]GL Driver Message (OpenGL, Performance, GL_CLOSE_PATH_NV, High): GPU stall due to ReadPixels @ http://localhost:3000/#contact:0
[    7856ms] [ERROR] Failed to load resource: the server responded with a status of 404 (Not Found) @ http://localhost:3000/favicon.ico:0
[  404516ms] [WARNING] [.WebGL-0xba408b75200]GL Driver Message (OpenGL, Performance, GL_CLOSE_PATH_NV, High): GPU stall due to ReadPixels @ http://localhost:3000/#contact:0
[  404669ms] [WARNING] [.WebGL-0xba408b75200]GL Driver Message (OpenGL, Performance, GL_CLOSE_PATH_NV, High): GPU stall due to ReadPixels (this message will no longer repeat) @ http://localhost:3000/#contact:0
[  418413ms] [ERROR] ./src/components/contact.tsx
Error: 
  × Unexpected token `section`. Expected jsx identifier
    ╭─[/home/asaadabbas/Projects/nebulos-website/src/components/contact.tsx:81:1]
 81 │   };
 82 │ 
 83 │   return (
 84 │     <section
    ·      ───────
 85 │       id="contact"
 86 │       className="relative bg-black pt-20 lg:pt-32 pb-10 lg:pb-16"
 87 │     >
    ╰────

Caused by:
    Syntax Error

Import trace for requested module:
./src/components/contact.tsx
./src/app/page.tsx @ webpack-internal:///(app-pages-browser)/./node_modules/next/dist/client/app-index.js:34
[  455236ms] [ERROR] ./src/components/contact.tsx
Error: 
  × Unexpected token `section`. Expected jsx identifier
    ╭─[/home/asaadabbas/Projects/nebulos-website/src/components/contact.tsx:81:1]
 81 │   };
 82 │ 
 83 │   return (
 84 │     <section
    ·      ───────
 85 │       id="contact"
 86 │       className="relative bg-black pt-20 lg:pt-32 pb-10 lg:pb-16"
 87 │     >
    ╰────

Caused by:
    Syntax Error

Import trace for requested module:
./src/components/contact.tsx
./src/app/page.tsx @ webpack-internal:///(app-pages-browser)/./node_modules/next/dist/client/app-index.js:34
[  455450ms] [ERROR] ./src/components/contact.tsx
Error: 
  × Unexpected token `section`. Expected jsx identifier
    ╭─[/home/asaadabbas/Projects/nebulos-website/src/components/contact.tsx:81:1]
 81 │   };
 82 │ 
 83 │   return (
 84 │     <section
    ·      ───────
 85 │       id="contact"
 86 │       className="relative bg-black pt-20 lg:pt-32 pb-10 lg:pb-16"
 87 │     >
    ╰────

Caused by:
    Syntax Error

Import trace for requested module:
./src/components/contact.tsx
./src/app/page.tsx @ webpack-internal:///(app-pages-browser)/./node_modules/next/dist/client/app-index.js:34
[  465503ms] [ERROR] ./src/components/contact.tsx
Error: 
  × Unexpected token `section`. Expected jsx identifier
    ╭─[/home/asaadabbas/Projects/nebulos-website/src/components/contact.tsx:81:1]
 81 │   };
 82 │ 
 83 │   return (
 84 │     <section
    ·      ───────
 85 │       id="contact"
 86 │       className="relative bg-black pt-20 lg:pt-32 pb-10 lg:pb-16"
 87 │     >
    ╰────

Caused by:
    Syntax Error

Import trace for requested module:
./src/components/contact.tsx
./src/app/page.tsx @ webpack-internal:///(app-pages-browser)/./node_modules/next/dist/client/app-index.js:34
[  465504ms] [ERROR] ./src/components/contact.tsx
Error: 
  × Unexpected token `section`. Expected jsx identifier
    ╭─[/home/asaadabbas/Projects/nebulos-website/src/components/contact.tsx:81:1]
 81 │   };
 82 │ 
 83 │   return (
 84 │     <section
    ·      ───────
 85 │       id="contact"
 86 │       className="relative bg-black pt-20 lg:pt-32 pb-10 lg:pb-16"
 87 │     >
    ╰────

Caused by:
    Syntax Error

Import trace for requested module:
./src/components/contact.tsx
./src/app/page.tsx @ webpack-internal:///(app-pages-browser)/./node_modules/next/dist/client/app-index.js:34
[  473396ms] [ERROR] ./src/components/contact.tsx
Error: 
  × Unexpected token `section`. Expected jsx identifier
    ╭─[/home/asaadabbas/Projects/nebulos-website/src/components/contact.tsx:81:1]
 81 │   };
 82 │ 
 83 │   return (
 84 │     <section
    ·      ───────
 85 │       id="contact"
 86 │       className="relative bg-black pt-20 lg:pt-32 pb-10 lg:pb-16"
 87 │     >
    ╰────

Caused by:
    Syntax Error

Import trace for requested module:
./src/components/contact.tsx
./src/app/page.tsx @ webpack-internal:///(app-pages-browser)/./node_modules/next/dist/client/app-index.js:34
[  473568ms] [ERROR] ./src/components/contact.tsx
Error: 
  × Unexpected token `section`. Expected jsx identifier
    ╭─[/home/asaadabbas/Projects/nebulos-website/src/components/contact.tsx:81:1]
 81 │   };
 82 │ 
 83 │   return (
 84 │     <section
    ·      ───────
 85 │       id="contact"
 86 │       className="relative bg-black pt-20 lg:pt-32 pb-10 lg:pb-16"
 87 │     >
    ╰────

Caused by:
    Syntax Error

Import trace for requested module:
./src/components/contact.tsx
./src/app/page.tsx @ webpack-internal:///(app-pages-browser)/./node_modules/next/dist/client/app-index.js:34
[  481016ms] [ERROR] ./src/components/contact.tsx
Error: 
  × Unexpected token `section`. Expected jsx identifier
    ╭─[/home/asaadabbas/Projects/nebulos-website/src/components/contact.tsx:81:1]
 81 │   };
 82 │ 
 83 │   return (
 84 │     <section
    ·      ───────
 85 │       id="contact"
 86 │       className="relative bg-black pt-20 lg:pt-32 pb-10 lg:pb-16"
 87 │     >
    ╰────

Caused by:
    Syntax Error

Import trace for requested module:
./src/components/contact.tsx
./src/app/page.tsx @ webpack-internal:///(app-pages-browser)/./node_modules/next/dist/client/app-index.js:34
[  481029ms] [ERROR] ./src/components/contact.tsx
Error: 
  × Unexpected token `section`. Expected jsx identifier
    ╭─[/home/asaadabbas/Projects/nebulos-website/src/components/contact.tsx:81:1]
 81 │   };
 82 │ 
 83 │   return (
 84 │     <section
    ·      ───────
 85 │       id="contact"
 86 │       className="relative bg-black pt-20 lg:pt-32 pb-10 lg:pb-16"
 87 │     >
    ╰────

Caused by:
    Syntax Error

Import trace for requested module:
./src/components/contact.tsx
./src/app/page.tsx @ webpack-internal:///(app-pages-browser)/./node_modules/next/dist/client/app-index.js:34
[  618991ms] [ERROR] ./src/components/contact.tsx
Error: 
  × Unexpected token `section`. Expected jsx identifier
    ╭─[/home/asaadabbas/Projects/nebulos-website/src/components/contact.tsx:81:1]
 81 │   };
 82 │ 
 83 │   return (
 84 │     <section
    ·      ───────
 85 │       id="contact"
 86 │       className="relative bg-black pt-20 lg:pt-32 pb-10 lg:pb-16"
 87 │     >
    ╰────

Caused by:
    Syntax Error

Import trace for requested module:
./src/components/contact.tsx
./src/app/page.tsx @ webpack-internal:///(app-pages-browser)/./node_modules/next/dist/client/app-index.js:34
